node.exe : ΓÇó turbo 2.8.7
At line:1 char:1
+ & "C:\Program Files\nodejs/node.exe" 
"C:\Users\DELL\AppData\Roaming\n ...
+ ~~~~~~~~~~~~~~~~~~~~~~~~~~~~~~~~~~~~~~~~
~~~~~~~~~~~~~~~~~~~~~~~~~~~~~
    + CategoryInfo          : NotSpecifie 
   d: (ΓÇó turbo 2.8.7:String) [], Remot  
  eException
    + FullyQualifiedErrorId : NativeComma 
   ndError
 
ΓÇó Packages in scope: web
ΓÇó Running build in 1 packages
ΓÇó Remote caching disabled
web:build: cache miss, executing 77102e9f7f5344b4
web:build: 
web:build: > web@0.1.0 build
web:build: > next build
web:build: 
web:build: Γû▓ Next.js 16.1.6 (Turbopack)
web:build: - Environments: .env.local, .env.production, .env
web:build: 
web:build:   Creating an optimized production build ...
web:build: Γ£ô Compiled successfully in 34.5s
web:build:   Running TypeScript ...
web:build: Failed to compile.
web:build: 
web:build: ./app/dashboard/property/edit/[id]/page.tsx:287:41
web:build: Type error: Argument of type '{ name: string; city: string; }' is not assignable to parameter of type 'CreateAreaData'.
web:build:   Property 'areaSlug' is missing in type '{ name: string; city: string; }' but required in type 'CreateAreaData'.
web:build: 
web:build: [0m [90m 285 |[39m     [36mtry[39m {
web:build:  [90m 286 |[39m       setIsAddingLocation([36mtrue[39m)
web:build: [31m[1m>[22m[39m[90m 287 |[39m       [36mconst[39m data [33m=[39m [36mawait[39m areaApi[33m.[39mcreate({ name[33m:[39m newAreaName[33m.[39mtrim()[33m,[39m city[33m:[39m cityId })
web:build:  [90m     |[39m                                         [31m[1m^[22m[39m
web:build:  [90m 288 |[39m       toast[33m.[39msuccess([32m'Area added successfully'[39m)
web:build:  [90m 289 |[39m       [36mconst[39m allAreas [33m=[39m [36mawait[39m areaApi[33m.[39mgetAll(cityId)
web:build:  [90m 290 |[39m       setAreas(allAreas)[0m
web:build: Next.js build worker exited with code: 1 and signal: null
web:build: npm error Lifecycle script `build` failed with error:
web:build: npm error code 1
web:build: npm error path D:\rent-ghar\apps\web
web:build: npm error workspace web@0.1.0
web:build: npm error location D:\rent-ghar\apps\web
web:build: npm error command failed
web:build: npm error command C:\Windows\system32\cmd.exe /d /s /c next build
web:build: ERROR: command finished with 
error: command (D:\rent-ghar\apps\web) 
C:\Program Files\nodejs\npm.cmd run build 
exited (1)
web#build: command 
(D:\rent-ghar\apps\web) C:\Program 
Files\nodejs\npm.cmd run build exited (1)

 Tasks:    0 successful, 1 total
Cached:    0 cached, 1 total
  Time:    1m30.436s 
Failed:    web#build

 ERROR  run failed: command  exited (1)
